// Vitest Snapshot v1, https://vitest.dev/guide/snapshot.html

exports[`P6-T4 + P12-T7 — BillSheet đúng thứ tự khối (design §6.1 mới) > snapshot: layout khóa theo thứ tự logo → SĐT → mã/tg → địa chỉ → bảng → tổng → QR → lời chúc 1`] = `
<div>
  <div
    class="mx-auto flex flex-col items-center px-10 py-8 text-center"
    data-testid="bill-sheet"
    style="width: 720px; background-color: rgb(255, 255, 255); color: rgb(17, 17, 17); font-family: Calibri, Carlito, sans-serif;"
  >
    <img
      alt="Hẻm Trà"
      class="h-16 w-auto object-contain"
      src="/src/assets/logo.webp"
    />
    <p
      class="mt-4 text-sm"
    >
      ☎️ 0338525677 (Vi) - 0362335733 (Linh)
    </p>
    <p
      class="mt-4 text-lg font-bold"
    >
      Mã đơn 
      HT-261003-0001
    </p>
    <p
      class="text-sm"
    >
      Thời gian: 
      14:15 03/10/2026
    </p>
    <p
      class="mt-4 text-sm font-semibold"
    >
      Địa chỉ:
    </p>
    <p
      class="text-sm"
    >
      Phường Long Nguyên, Thành Phố Hồ Chí Minh (Gần KCN Bàu bàng)
    </p>
    <table
      class="mt-4 w-full border-collapse text-sm"
    >
      <thead>
        <tr
          class="border-b border-black/40 text-left"
        >
          <th
            class="py-1 pr-2 font-semibold"
          >
            Sản phẩm
          </th>
          <th
            class="py-1 pr-2 text-center font-semibold"
          >
            SL
          </th>
          <th
            class="py-1 pr-2 text-right font-semibold"
          >
            Đơn giá
          </th>
          <th
            class="py-1 text-right font-semibold"
          >
            Thành tiền
          </th>
        </tr>
      </thead>
      <tbody>
        <tr
          class="align-top"
        >
          <td
            class="py-1 pr-2"
          >
            <span
              class="font-medium"
            >
              Trà sữa đào
            </span>
            <span
              class="ml-1.5 text-xs font-normal text-black/60"
            >
              + Trân châu
            </span>
            <span
              class="block text-xs italic text-black/70"
            >
              ít đá
            </span>
          </td>
          <td
            class="py-1 pr-2 text-center tabular-nums"
          >
            2
          </td>
          <td
            class="py-1 pr-2 text-right tabular-nums"
          >
            40.000
          </td>
          <td
            class="py-1 text-right tabular-nums"
          >
            80.000
          </td>
        </tr>
        <tr
          class="align-top"
        >
          <td
            class="py-1 pr-2"
          >
            <span
              class="font-medium"
            >
              Trà đào
            </span>
          </td>
          <td
            class="py-1 pr-2 text-center tabular-nums"
          >
            1
          </td>
          <td
            class="py-1 pr-2 text-right tabular-nums"
          >
            30.000
          </td>
          <td
            class="py-1 text-right tabular-nums"
          >
            30.000
          </td>
        </tr>
      </tbody>
    </table>
    <div
      class="mt-2 flex w-full items-center justify-between border-t border-black/40 pt-2 text-base font-bold"
    >
      <span>
        Tổng cộng
      </span>
      <span
        class="tabular-nums"
      >
        110.000 ₫
      </span>
    </div>
    <div
      class="mt-4 flex flex-col items-center gap-1"
    >
      <div
        class="grid h-28 w-28 place-items-center border border-dashed border-black/30 text-xs text-black/50"
        data-testid="bill-qr-placeholder"
      >
        QR
      </div>
      <span
        class="text-xs"
      >
        Facebook Hẻm Trà
      </span>
    </div>
    <p
      class="mt-4 text-sm"
    >
      Cảm Ơn khách hàng thân yêu của hẽm 💕
    </p>
  </div>
</div>
`;
